**********************
Windows PowerShell transcript start
Start time: 20261008192826
Username: RAVI\rsah9
RunAs User: RAVI\rsah9
Configuration Name: 
Machine: RAVI (Microsoft Windows NT 10.0.26200.0)
Host Application: C:\Windows\System32\WindowsPowerShell\v1.0\powershell.exe -NoLogo -NoExit -ExecutionPolicy Bypass -File E:\iPhone-Sales-Project\run-console-evidence.ps1 -Number 01 -SqlFile sql\actual\evidence-01.sql
Process ID: 15312
PSVersion: 5.1.26100.9444
PSEdition: Desktop
PSCompatibleVersions: 1.0, 2.0, 3.0, 4.0, 5.0, 5.1.26100.9444
BuildVersion: 10.0.26100.9444
CLRVersion: 4.0.30319.42000
WSManStackVersion: 3.0
PSRemotingProtocolVersion: 2.3
SerializationVersion: 1.1.0.1
**********************
Ravi iPhone Sales Analytics Project
Actual Docker project account:
takeo
Actual container: takeo-de-env

Executing these commands:
USE iphone_analytics;
SHOW TBLPROPERTIES fact_sales ('project.student');
SHOW DATABASES;
USE iphone_analytics;
SHOW TABLES;
+------------+-------------+
| prpt_name  | prpt_value  |
+------------+-------------+
| Ravi       | NULL        |
+------------+-------------+
+-------------------+
|   database_name   |
+-------------------+
| default           |
| iphone_analytics  |
| xyz               |
+-------------------+
+-------------------+
|     tab_name      |
+-------------------+
| bronze_customers  |
| bronze_products   |
| bronze_sales      |
| bronze_stores     |
| dim_customer      |
| dim_date          |
| dim_product       |
| dim_store         |
| fact_sales        |
| silver_customers  |
| silver_products   |
| silver_sales      |
| silver_stores     |
+-------------------+
**********************
Windows PowerShell transcript end
End time: 20261008192923
**********************
