**********************
Windows PowerShell transcript start
Start time: 20261008192826
Username: RAVI\rsah9
RunAs User: RAVI\rsah9
Configuration Name: 
Machine: RAVI (Microsoft Windows NT 10.0.26200.0)
Host Application: C:\Windows\System32\WindowsPowerShell\v1.0\powershell.exe -NoLogo -NoExit -ExecutionPolicy Bypass -File E:\iPhone-Sales-Project\run-console-evidence.ps1 -Number 02 -SqlFile sql\actual\evidence-02.sql
Process ID: 32852
PSVersion: 5.1.26100.9444
PSEdition: Desktop
PSCompatibleVersions: 1.0, 2.0, 3.0, 4.0, 5.0, 5.1.26100.9444
BuildVersion: 10.0.26100.9444
CLRVersion: 4.0.30319.42000
WSManStackVersion: 3.0
PSRemotingProtocolVersion: 2.3
SerializationVersion: 1.1.0.1
**********************
Ravi iPhone Sales Analytics Project
Actual Docker project account:
takeo
Actual container: takeo-de-env

Executing these commands:
USE iphone_analytics;
DESCRIBE FORMATTED silver_sales;
+-------------------------------+----------------------------------------------------------------------+-------------------------------------------------------------------------------------------------+
|           col_name            |                              data_type                               |                                             comment                                             |
+-------------------------------+----------------------------------------------------------------------+-------------------------------------------------------------------------------------------------+
| # col_name                    | data_type                                                            | comment                                                                                         |
| sale_id                       | int                                                                  |                                                                                                 |
| product_id                    | int                                                                  |                                                                                                 |
| customer_id                   | int                                                                  |                                                                                                 |
| store_id                      | int                                                                  |                                                                                                 |
| quantity                      | int                                                                  |                                                                                                 |
|                               | NULL                                                                 | NULL                                                                                            |
| # Partition Information       | NULL                                                                 | NULL                                                                                            |
| # col_name                    | data_type                                                            | comment                                                                                         |
| sale_date                     | date                                                                 |                                                                                                 |
|                               | NULL                                                                 | NULL                                                                                            |
| # Detailed Table Information  | NULL                                                                 | NULL                                                                                            |
| Database:                     | iphone_analytics                                                     | NULL                                                                                            |
| OwnerType:                    | USER                                                                 | NULL                                                                                            |
| Owner:                        | takeo                                                                | NULL                                                                                            |
| CreateTime:                   | Thu Oct 08 16:31:20 IST 2026                                         | NULL                                                                                            |
| LastAccessTime:               | UNKNOWN                                                              | NULL                                                                                            |
| Retention:                    | 0                                                                    | NULL                                                                                            |
| Location:                     | hdfs://0.0.0.0:54310/warehouse/tablespace/managed/hive/silver_sales  | NULL                                                                                            |
| Table Type:                   | EXTERNAL_TABLE                                                       | NULL                                                                                            |
| Table Parameters:             | NULL                                                                 | NULL                                                                                            |
|                               | EXTERNAL                                                             | TRUE                                                                                            |
|                               | last_modified_by                                                     | takeo                                                                                           |
|                               | last_modified_time                                                   | 1791501740                                                                                      |
|                               | numFiles                                                             | 4                                                                                               |
|                               | numPartitions                                                        | 4                                                                                               |
|                               | numRows                                                              | 0                                                                                               |
|                               | project.name                                                         | Ravi iPhone Sales Analytics                                                                     |
|                               | project.student                                                      | Ravi                                                                                            |
|                               | rawDataSize                                                          | 0                                                                                               |
|                               | spark.sql.create.version                                             | 3.3.2                                                                                           |
|                               | spark.sql.partitionProvider                                          | catalog                                                                                         |
|                               | spark.sql.sources.provider                                           | parquet                                                                                         |
|                               | spark.sql.sources.schema                                             | {\"type\":\"struct\",\"fields\":[{\"name\":\"sale_id\",\"type\":\"integer\",\"nullable\":true,\"metadata\":{}},{\"name\":\"product_id\"
,\"type\":\"integer\",\"nullable\":true,\"metadata\":{}},{\"name\":\"customer_id\",\"type\":\"integer\",\"nullable\":true,\"metadata\":{}},{\"name\":\"store_id\",\"type\":\"integer\",\"nullable\":true,\"metadata\":{}},{\"name\":\"quantity\"
,\"type\":\"integer\",\"nullable\":true,\"metadata\":{}},{\"name\":\"sale_date\",\"type\":\"date\",\"nullable\":true,\"metadata\":{}}]} |
|                               | spark.sql.sources.schema.numPartCols                                 | 1                                                                                               |
|                               | spark.sql.sources.schema.partCol.0                                   | sale_date                                                                                       |
|                               | totalSize                                                            | 5711                                                                                            |
|                               | transient_lastDdlTime                                                | 1791501740                                                                                      |
|                               | NULL                                                                 | NULL                                                                                            |
| # Storage Information         | NULL                                                                 | NULL                                                                                            |
| SerDe Library:                | org.apache.hadoop.hive.ql.io.parquet.serde.ParquetHiveSerDe          | NULL                                                                                            |
| InputFormat:                  | org.apache.hadoop.hive.ql.io.parquet.MapredParquetInputFormat        | NULL                                                                                            |
| OutputFormat:                 | org.apache.hadoop.hive.ql.io.parquet.MapredParquetOutputFormat       | NULL                                                                                            |
| Compressed:                   | No                                                                   | NULL                                                                                            |
| Num Buckets:                  | -1                                                                   | NULL                                                                                            |
| Bucket Columns:               | []                                                                   | NULL                                                                                            |
| Sort Columns:                 | []                                                                   | NULL                                                                                            |
| Storage Desc Params:          | NULL                                                                 | NULL                                                                                            |
|                               | path                                                                 | hdfs:/warehouse/tablespace/managed/hive/silver_sales                                            |
|                               | serialization.format                                                 | 1                                                                                               |
+-------------------------------+----------------------------------------------------------------------+-------------------------------------------------------------------------------------------------+
**********************
Windows PowerShell transcript end
End time: 20261008192920
**********************
