**********************
Windows PowerShell transcript start
Start time: 20261008194136
Username: RAVI\rsah9
RunAs User: RAVI\rsah9
Configuration Name: 
Machine: RAVI (Microsoft Windows NT 10.0.26200.0)
Host Application: C:\Windows\System32\WindowsPowerShell\v1.0\powershell.exe -NoLogo -NoExit -ExecutionPolicy Bypass -File E:\iPhone-Sales-Project\run-console-evidence.ps1 -Number 08 -SqlFile sql\actual\evidence-08.sql
Process ID: 21668
PSVersion: 5.1.26100.9444
PSEdition: Desktop
PSCompatibleVersions: 1.0, 2.0, 3.0, 4.0, 5.0, 5.1.26100.9444
BuildVersion: 10.0.26100.9444
CLRVersion: 4.0.30319.42000
WSManStackVersion: 3.0
PSRemotingProtocolVersion: 2.3
SerializationVersion: 1.1.0.1
**********************
Ravi iPhone Sales Analytics Project
Actual Docker project account:
takeo
Actual container: takeo-de-env

Executing these commands:
USE iphone_analytics;
SHOW TBLPROPERTIES fact_sales ('project.student');
SELECT COUNT(*) AS bronze_sales_count FROM bronze_sales;
SELECT COUNT(*) AS silver_sales_count FROM silver_sales;
SELECT COUNT(*) AS fact_sales_count FROM fact_sales;
+------------+-------------+
| prpt_name  | prpt_value  |
+------------+-------------+
| Ravi       | NULL        |
+------------+-------------+
+---------------------+
| bronze_sales_count  |
+---------------------+
| 4                   |
+---------------------+
+---------------------+
| silver_sales_count  |
+---------------------+
| 4                   |
+---------------------+
+-------------------+
| fact_sales_count  |
+-------------------+
| 4                 |
+-------------------+
**********************
Windows PowerShell transcript end
End time: 20261008194632
**********************
