**********************
Windows PowerShell transcript start
Start time: 20261008193000
Username: RAVI\rsah9
RunAs User: RAVI\rsah9
Configuration Name: 
Machine: RAVI (Microsoft Windows NT 10.0.26200.0)
Host Application: C:\Windows\System32\WindowsPowerShell\v1.0\powershell.exe -NoLogo -NoExit -ExecutionPolicy Bypass -File E:\iPhone-Sales-Project\run-console-evidence.ps1 -Number 05 -SqlFile sql\actual\evidence-05.sql
Process ID: 23856
PSVersion: 5.1.26100.9444
PSEdition: Desktop
PSCompatibleVersions: 1.0, 2.0, 3.0, 4.0, 5.0, 5.1.26100.9444
BuildVersion: 10.0.26100.9444
CLRVersion: 4.0.30319.42000
WSManStackVersion: 3.0
PSRemotingProtocolVersion: 2.3
SerializationVersion: 1.1.0.1
**********************
Ravi iPhone Sales Analytics Project
Actual Docker project account:
takeo
Actual container: takeo-de-env

Executing these commands:
USE iphone_analytics;
SHOW TBLPROPERTIES fact_sales ('project.student');
SHOW PARTITIONS silver_sales;
SHOW PARTITIONS fact_sales;
+------------+-------------+
| prpt_name  | prpt_value  |
+------------+-------------+
| Ravi       | NULL        |
+------------+-------------+
+-----------------------+
|       partition       |
+-----------------------+
| sale_date=2023-01-10  |
| sale_date=2023-01-12  |
| sale_date=2023-01-15  |
| sale_date=2023-01-20  |
+-----------------------+
+----------------------+
|      partition       |
+----------------------+
| date_key=2023-01-10  |
| date_key=2023-01-12  |
| date_key=2023-01-15  |
| date_key=2023-01-20  |
+----------------------+
**********************
Windows PowerShell transcript end
End time: 20261008193109
**********************
